[13:48:42] STEP4 scrape marker 1 pos=[-0.1946 -0.4052  0.0862] euler_deg=[-50.4   86.03 129.95] estimated=False
[13:48:51] STEP6 scrape marker 1 pos=[-0.1946 -0.4052  0.0862] euler_deg=[-50.4   86.03 129.95] estimated=False
[13:48:55] ROTATE current_joints_deg=[-31.9, 45.5, 4.7, -65.5, 16.0, 64.9]
[13:48:55] ROTATE j6 64.9 deg --(-60)--> target 4.9 deg; exceeds_155=False exceeds_180=False
[13:48:59] ROTATE move_to(rotated) ok=True
[13:49:04] ROTATE move_to(restore) ok=True joints_after=[-32.0, 45.5, 4.6, -65.4, 16.0, 64.7]
[13:49:32] STEP4 scrape marker 1 pos=[-0.2058 -0.4184  0.1099] euler_deg=[165.1   85.07 -88.97] estimated=None
[13:49:42] STEP6 scrape marker 1 pos=[-0.2058 -0.4184  0.1099] euler_deg=[165.1   85.07 -88.97] estimated=None
[13:49:45] ROTATE current_joints_deg=[-29.8, 54.1, -5.6, -68.8, 23.8, 65.8]
[13:49:45] ROTATE j6 65.8 deg --(-60)--> target 5.8 deg; exceeds_155=False exceeds_180=False
[13:50:32] ROTATE move_to(rotated) ok=False
[13:50:34] ROTATE move_to(restore) ok=True joints_after=[-29.9, 54.1, -5.6, -68.7, 23.8, 65.8]
[13:58:04] STEP4 scrape marker 1 pos=[-0.1956 -0.4024  0.0871] euler_deg=[-57.98  86.53 142.58] estimated=False
[13:58:13] STEP6 scrape marker 1 pos=[-0.1956 -0.4024  0.0871] euler_deg=[-57.98  86.53 142.58] estimated=False
[13:58:17] ROTATE current_joints_deg=[-31.6, 46.5, 2.8, -66.5, 16.8, 58.7]
[13:58:17] ROTATE j6 58.7 deg --(-60)--> target -1.3 deg; exceeds_155=False exceeds_180=False
[13:58:21] ROTATE move_to(rotated) ok=True
[13:58:25] ROTATE move_to(restore) ok=True joints_after=[-31.6, 46.5, 2.8, -66.5, 16.8, 58.5]
[14:01:46] STEP4 scrape marker 1 pos=[-0.1956 -0.4024  0.0871] euler_deg=[-57.98  86.53 142.58] estimated=False
[14:01:56] STEP6 scrape marker 1 pos=[-0.1956 -0.4024  0.0871] euler_deg=[-57.98  86.53 142.58] estimated=False
[14:01:59] ROTATE current_joints_deg=[-31.6, 46.7, 2.8, -66.3, 16.7, 58.9]
[14:01:59] ROTATE j6 58.9 deg --(-60)--> target -1.1 deg; exceeds_155=False exceeds_180=False
[14:02:03] ROTATE move_to(rotated) ok=True
[14:02:08] ROTATE move_to(restore) ok=True joints_after=[-31.6, 46.6, 2.8, -66.3, 16.7, 58.8]
[14:02:36] STEP4 scrape marker 1 pos=[-0.1956 -0.4024  0.0871] euler_deg=[-57.98  86.53 142.58] estimated=False
[14:02:53] STEP6 scrape marker 1 pos=[-0.1956 -0.4024  0.0871] euler_deg=[-57.98  86.53 142.58] estimated=False
[14:02:57] ROTATE current_joints_deg=[-31.6, 46.8, 2.7, -66.3, 16.7, 59.0]
[14:02:57] ROTATE j6 59.0 deg --(-60)--> target -1.0 deg; exceeds_155=False exceeds_180=False
[14:03:01] ROTATE move_to(rotated) ok=True
[14:03:05] ROTATE move_to(restore) ok=True joints_after=[-31.6, 46.9, 2.7, -66.3, 16.8, 58.9]
[14:03:34] STEP4 scrape marker 1 pos=[-0.1956 -0.4024  0.0871] euler_deg=[-57.98  86.53 142.58] estimated=False
[14:03:43] STEP6 scrape marker 1 pos=[-0.1956 -0.4024  0.0871] euler_deg=[-57.98  86.53 142.58] estimated=False
[14:03:46] ROTATE current_joints_deg=[-31.6, 46.8, 2.4, -66.4, 16.8, 58.7]
[14:03:47] ROTATE j6 58.7 deg --(-60)--> target -1.3 deg; exceeds_155=False exceeds_180=False
[14:03:50] ROTATE move_to(rotated) ok=True
[14:03:55] ROTATE move_to(restore) ok=True joints_after=[-31.6, 46.8, 2.4, -66.4, 16.8, 58.4]
[14:04:23] STEP4 scrape marker 1 pos=[-0.1956 -0.4024  0.0871] euler_deg=[-57.98  86.53 142.58] estimated=False
[14:04:32] STEP6 scrape marker 1 pos=[-0.1956 -0.4024  0.0871] euler_deg=[-57.98  86.53 142.58] estimated=False
[14:04:36] ROTATE current_joints_deg=[-31.5, 46.8, 2.5, -66.4, 16.8, 58.7]
[14:04:36] ROTATE j6 58.7 deg --(-60)--> target -1.3 deg; exceeds_155=False exceeds_180=False
[14:04:40] ROTATE move_to(rotated) ok=True
[14:04:44] ROTATE move_to(restore) ok=True joints_after=[-31.5, 46.8, 2.4, -66.4, 16.8, 58.5]
[14:05:12] STEP4 scrape marker 1 pos=[-0.1956 -0.4024  0.0871] euler_deg=[-57.98  86.53 142.58] estimated=False
[14:05:21] STEP6 scrape marker 1 pos=[-0.1956 -0.4024  0.0871] euler_deg=[-57.98  86.53 142.58] estimated=False
[14:05:25] ROTATE current_joints_deg=[-31.5, 46.6, 2.6, -66.4, 16.8, 58.7]
[14:05:25] ROTATE j6 58.7 deg --(-60)--> target -1.3 deg; exceeds_155=False exceeds_180=False
[14:05:29] ROTATE move_to(rotated) ok=True
[14:05:34] ROTATE move_to(restore) ok=True joints_after=[-31.6, 46.7, 2.6, -66.3, 16.7, 58.5]
[14:06:02] STEP4 scrape marker 1 pos=[-0.1956 -0.4024  0.0871] euler_deg=[-57.98  86.53 142.58] estimated=False
[14:06:11] STEP6 scrape marker 1 pos=[-0.1956 -0.4024  0.0871] euler_deg=[-57.98  86.53 142.58] estimated=False
[14:06:15] ROTATE current_joints_deg=[-31.5, 46.8, 2.8, -66.4, 16.7, 60.3]
[14:06:15] ROTATE j6 60.3 deg --(-60)--> target 0.3 deg; exceeds_155=False exceeds_180=False
[14:06:19] ROTATE move_to(rotated) ok=True
[14:06:23] ROTATE move_to(restore) ok=True joints_after=[-31.5, 46.7, 2.8, -66.4, 16.7, 60.1]
[14:06:51] STEP4 scrape marker 1 pos=[-0.1956 -0.4024  0.0871] euler_deg=[-57.98  86.53 142.58] estimated=False
[14:07:00] STEP6 scrape marker 1 pos=[-0.1956 -0.4024  0.0871] euler_deg=[-57.98  86.53 142.58] estimated=False
[14:07:04] ROTATE current_joints_deg=[-31.5, 46.6, 2.8, -66.4, 16.7, 60.6]
[14:07:04] ROTATE j6 60.6 deg --(-60)--> target 0.6 deg; exceeds_155=False exceeds_180=False
[14:07:08] ROTATE move_to(rotated) ok=True
[14:07:13] ROTATE move_to(restore) ok=True joints_after=[-31.6, 46.6, 2.8, -66.4, 16.7, 60.4]
[14:07:41] STEP4 scrape marker 1 pos=[-0.1956 -0.4024  0.0871] euler_deg=[-57.98  86.53 142.58] estimated=False
[14:07:59] STEP6 scrape marker 1 pos=[-0.1956 -0.4024  0.0871] euler_deg=[-57.98  86.53 142.58] estimated=False
[14:08:03] ROTATE current_joints_deg=[-31.6, 46.7, 2.9, -66.2, 16.7, 59.1]
[14:08:03] ROTATE j6 59.1 deg --(-60)--> target -0.9 deg; exceeds_155=False exceeds_180=False
[14:08:07] ROTATE move_to(rotated) ok=True
[14:08:12] ROTATE move_to(restore) ok=True joints_after=[-31.5, 46.7, 2.9, -66.3, 16.6, 58.9]
[14:08:40] STEP4 scrape marker 1 pos=[-0.1956 -0.4024  0.0871] euler_deg=[-57.98  86.53 142.58] estimated=False
[14:11:54] STEP4 scrape marker 1 pos=[-0.19 -0.48  0.08] euler_deg=[90. 90.  0.] estimated=True
[14:11:59] STEP4 arrived standoff joints_deg=[-26.5, 64.5, -34.3, -76.2, 22.5, 34.6]
[14:12:02] STEP5 arrived DEPTH joints_deg=[1.3, 55.9, -13.3, -91.0, -0.9, 42.6]
[14:12:02] STEP6 scrape marker 1 pos=[-0.19 -0.48  0.08] euler_deg=[90. 90.  0.] estimated=True
[14:12:06] ROTATE current_joints_deg=[-26.4, 64.7, -34.7, -76.0, 22.7, 32.6]
[14:12:06] ROTATE j6 32.6 deg --(-60)--> target -27.4 deg; exceeds_155=False exceeds_180=False
[14:12:10] ROTATE move_to(rotated) ok=True
[14:12:14] ROTATE move_to(restore) ok=True joints_after=[-26.4, 64.6, -34.8, -76.0, 22.6, 32.4]
[14:12:50] STEP4 scrape marker 1 pos=[-0.19 -0.48  0.08] euler_deg=[90. 90.  0.] estimated=True
[14:12:55] STEP4 arrived standoff joints_deg=[-26.4, 64.4, -34.5, -76.3, 22.6, 34.1]
[14:12:59] STEP5 arrived DEPTH joints_deg=[1.3, 55.7, -13.0, -90.9, -1.0, 42.8]
[14:12:59] STEP6 scrape marker 1 pos=[-0.19 -0.48  0.08] euler_deg=[90. 90.  0.] estimated=True
[14:13:02] ROTATE current_joints_deg=[-26.3, 64.5, -34.3, -76.0, 22.6, 32.9]
[14:13:02] ROTATE j6 32.9 deg --(-60)--> target -27.1 deg; exceeds_155=False exceeds_180=False
[14:13:06] ROTATE move_to(rotated) ok=True
[14:13:11] ROTATE move_to(restore) ok=True joints_after=[-26.3, 64.5, -34.3, -76.0, 22.6, 32.7]
[14:24:54] STEP4 scrape marker 1 pos=[-0.1967 -0.3702  0.0791] euler_deg=[-37.88  88.21 153.06] estimated=False
[14:24:59] STEP4 arrived standoff joints_deg=[-29.4, 53.9, -7.8, -68.1, 17.9, 28.1]
[14:25:03] STEP5 arrived DEPTH joints_deg=[2.7, 49.1, 8.4, -92.5, -3.2, 32.3]
[14:25:03] STEP6 scrape marker 1 pos=[-0.1967 -0.3702  0.0791] euler_deg=[-37.88  88.21 153.06] estimated=False
[14:25:07] ROTATE current_joints_deg=[-29.2, 54.1, -8.2, -68.0, 18.2, 27.9]
[14:25:07] ROTATE j6 27.9 deg --(-60)--> target -32.1 deg; exceeds_155=False exceeds_180=False
[14:25:10] ROTATE move_to(rotated) ok=True
[14:27:51] STEP4 scrape marker 1 pos=[-0.1943 -0.3975  0.0867] euler_deg=[-77.5   84.52 168.4 ] estimated=False
[14:27:57] STEP4 arrived standoff joints_deg=[-32.6, 46.4, 5.3, -67.6, 15.4, 55.4]
[14:28:01] STEP5 arrived DEPTH joints_deg=[2.7, 42.9, 16.9, -96.4, -5.1, 57.5]
[14:28:01] STEP6 scrape marker 1 pos=[-0.1943 -0.3975  0.0867] euler_deg=[-77.5   84.52 168.4 ] estimated=False
[14:28:04] ROTATE current_joints_deg=[-32.5, 46.2, 5.4, -67.3, 15.6, 56.2]
[14:28:04] ROTATE j6 56.2 deg --(-60)--> target -3.8 deg; exceeds_155=False exceeds_180=False
[14:28:08] ROTATE move_to(rotated) ok=True
[14:28:13] ROTATE move_to(restore) ok=True joints_after=[-32.5, 46.2, 5.4, -67.3, 15.6, 56.0]
[14:28:41] STEP4 scrape marker 1 pos=[-0.1943 -0.3975  0.0867] euler_deg=[-77.5   84.52 168.4 ] estimated=False
[14:28:46] STEP4 arrived standoff joints_deg=[-32.7, 46.5, 5.3, -67.5, 15.4, 59.3]
[14:28:50] STEP5 arrived DEPTH joints_deg=[2.6, 43.0, 16.8, -96.3, -5.1, 59.2]
[14:28:50] STEP6 scrape marker 1 pos=[-0.1943 -0.3975  0.0867] euler_deg=[-77.5   84.52 168.4 ] estimated=False
[14:28:54] ROTATE current_joints_deg=[-32.4, 46.5, 5.1, -67.5, 15.4, 54.9]
[14:28:54] ROTATE j6 54.9 deg --(-60)--> target -5.1 deg; exceeds_155=False exceeds_180=False
[14:28:58] ROTATE move_to(rotated) ok=True
[14:29:03] ROTATE move_to(restore) ok=True joints_after=[-32.3, 46.5, 5.1, -67.4, 15.4, 54.7]
[14:29:31] STEP4 scrape marker 1 pos=[-0.1943 -0.3975  0.0867] euler_deg=[-77.5   84.52 168.4 ] estimated=False
[14:29:36] STEP4 arrived standoff joints_deg=[-32.7, 46.4, 5.1, -67.6, 15.6, 56.1]
[14:29:40] STEP5 arrived DEPTH joints_deg=[2.7, 43.0, 16.7, -96.4, -5.1, 58.8]
[14:29:40] STEP6 scrape marker 1 pos=[-0.1943 -0.3975  0.0867] euler_deg=[-77.5   84.52 168.4 ] estimated=False
[14:29:44] ROTATE current_joints_deg=[-32.5, 46.6, 5.0, -67.4, 15.6, 55.6]
[14:29:44] ROTATE j6 55.6 deg --(-60)--> target -4.4 deg; exceeds_155=False exceeds_180=False
[14:30:31] ROTATE move_to(rotated) ok=False
[14:30:32] ROTATE move_to(restore) ok=True joints_after=[-32.5, 46.6, 5.1, -67.3, 15.6, 55.6]
[14:38:59] STEP4 scrape marker 1 pos=[-0.1949 -0.402   0.087 ] euler_deg=[-75.72  84.33 166.33] estimated=False
[14:39:04] STEP4 arrived standoff joints_deg=[-32.3, 46.5, 4.5, -68.0, 15.2, 56.7]
[14:39:08] STEP5 arrived DEPTH joints_deg=[2.8, 43.2, 15.9, -96.5, -5.6, 57.8]
[14:39:08] STEP6 scrape marker 1 pos=[-0.1949 -0.402   0.087 ] euler_deg=[-75.72  84.33 166.33] estimated=False
[14:39:12] ROTATE current_joints_deg=[-32.2, 46.2, 4.8, -67.7, 15.4, 56.6]
[14:39:12] ROTATE j6 56.6 deg --(-60)--> target -3.4 deg; exceeds_155=False exceeds_180=False
[14:39:16] ROTATE move_to(rotated) ok=True
[14:39:20] ROTATE move_to(restore) ok=True joints_after=[-32.2, 46.2, 4.8, -67.7, 15.3, 56.4]
[14:39:47] STEP4 scrape marker 1 pos=[-0.1949 -0.402   0.087 ] euler_deg=[-75.72  84.33 166.33] estimated=False
[14:39:52] STEP4 arrived standoff joints_deg=[-32.3, 46.4, 4.6, -68.1, 15.2, 55.4]
[14:39:56] STEP5 arrived DEPTH joints_deg=[2.8, 43.2, 15.7, -96.5, -5.5, 57.8]
[14:39:56] STEP6 scrape marker 1 pos=[-0.1949 -0.402   0.087 ] euler_deg=[-75.72  84.33 166.33] estimated=False
[14:40:00] ROTATE current_joints_deg=[-32.3, 46.3, 4.8, -67.7, 15.3, 53.9]
[14:40:00] ROTATE j6 53.9 deg --(-60)--> target -6.1 deg; exceeds_155=False exceeds_180=False
[14:40:04] ROTATE move_to(rotated) ok=True
[14:40:09] ROTATE move_to(restore) ok=True joints_after=[-32.3, 46.3, 4.8, -67.6, 15.3, 53.8]
[14:40:36] STEP4 scrape marker 1 pos=[-0.1949 -0.402   0.087 ] euler_deg=[-75.72  84.33 166.33] estimated=False
[14:40:41] STEP4 arrived standoff joints_deg=[-32.2, 46.3, 4.5, -68.1, 15.2, 55.9]
[14:40:45] STEP5 arrived DEPTH joints_deg=[3.0, 43.2, 15.8, -96.6, -5.6, 56.5]
[14:40:45] STEP6 scrape marker 1 pos=[-0.1949 -0.402   0.087 ] euler_deg=[-75.72  84.33 166.33] estimated=False
[14:40:49] ROTATE current_joints_deg=[-32.1, 46.5, 4.6, -67.9, 15.2, 56.2]
[14:40:49] ROTATE j6 56.2 deg --(-60)--> target -3.8 deg; exceeds_155=False exceeds_180=False
[14:40:53] ROTATE move_to(rotated) ok=True
[14:40:57] ROTATE move_to(restore) ok=True joints_after=[-32.1, 46.5, 4.6, -67.9, 15.2, 55.9]
[14:41:38] STEP4 scrape marker 1 pos=[-0.1949 -0.402   0.087 ] euler_deg=[-75.72  84.33 166.33] estimated=False
[14:41:43] STEP4 arrived standoff joints_deg=[-32.4, 46.5, 4.6, -68.0, 15.2, 54.0]
[14:41:47] STEP5 arrived DEPTH joints_deg=[2.9, 43.3, 15.5, -96.4, -5.6, 56.6]
[14:41:47] STEP6 scrape marker 1 pos=[-0.1949 -0.402   0.087 ] euler_deg=[-75.72  84.33 166.33] estimated=False
[14:41:50] ROTATE current_joints_deg=[-32.2, 46.4, 4.4, -67.9, 15.5, 53.6]
[14:41:50] ROTATE j6 53.6 deg --(-60)--> target -6.4 deg; exceeds_155=False exceeds_180=False
[14:41:54] ROTATE move_to(rotated) ok=True
[14:41:59] ROTATE move_to(restore) ok=True joints_after=[-32.3, 46.4, 4.4, -67.9, 15.4, 53.3]
[14:42:26] STEP4 scrape marker 1 pos=[-0.1949 -0.402   0.087 ] euler_deg=[-75.72  84.33 166.33] estimated=False
[14:42:31] STEP4 arrived standoff joints_deg=[-32.2, 46.3, 4.5, -68.1, 15.3, 53.8]
[14:42:35] STEP5 arrived DEPTH joints_deg=[2.8, 43.3, 15.6, -96.4, -5.5, 58.1]
[14:42:35] STEP6 scrape marker 1 pos=[-0.1949 -0.402   0.087 ] euler_deg=[-75.72  84.33 166.33] estimated=False
[14:42:39] ROTATE current_joints_deg=[-32.2, 46.2, 4.6, -67.7, 15.4, 54.9]
[14:42:39] ROTATE j6 54.9 deg --(-60)--> target -5.1 deg; exceeds_155=False exceeds_180=False
[14:43:26] ROTATE move_to(rotated) ok=False
[14:43:28] ROTATE move_to(restore) ok=True joints_after=[-32.3, 46.3, 4.6, -67.8, 15.4, 54.9]
[14:55:10] STEP4 scrape marker 1 pos=[-0.1964 -0.4208  0.0922] euler_deg=[-90.57  83.48 165.37] estimated=False
[14:55:15] STEP4 arrived standoff joints_deg=[-33.5, 45.8, 10.3, -67.5, 14.7, 75.9]
[15:58:13] STEP4 scrape marker 1 pos=[-0.1955 -0.4517  0.0889] euler_deg=[-58.98  88.38 141.08] estimated=False
[15:58:18] STEP4 arrived standoff joints_deg=[-28.5, 54.3, -14.2, -71.4, 19.7, 51.6]
[15:58:22] STEP5 arrived DEPTH joints_deg=[2.4, 48.3, 2.1, -92.5, -3.1, 58.5]
[15:58:22] STEP6 scrape marker 1 pos=[-0.1955 -0.4517  0.0889] euler_deg=[-58.98  88.38 141.08] estimated=False
[15:58:26] ROTATE current_joints_deg=[-28.2, 54.3, -14.1, -71.2, 19.6, 51.6]
[15:58:26] ROTATE j6 51.6 deg --(-60)--> target -8.4 deg; exceeds_155=False exceeds_180=False
[15:58:34] ROTATE move_to(rotated) ok=True
[15:58:42] ROTATE move_to(restore) ok=True joints_after=[-28.2, 54.4, -14.1, -71.2, 19.6, 51.6]
[15:59:15] STEP4 scrape marker 1 pos=[-0.1955 -0.4517  0.0889] euler_deg=[-58.98  88.38 141.08] estimated=False
[15:59:20] STEP4 arrived standoff joints_deg=[-28.6, 54.1, -13.7, -71.2, 19.6, 52.0]
[15:59:24] STEP5 arrived DEPTH joints_deg=[2.4, 48.5, 2.1, -92.5, -3.1, 58.5]
[15:59:24] STEP6 scrape marker 1 pos=[-0.1955 -0.4517  0.0889] euler_deg=[-58.98  88.38 141.08] estimated=False
[15:59:27] ROTATE current_joints_deg=[-28.4, 54.3, -14.1, -71.1, 19.8, 51.6]
[15:59:27] ROTATE j6 51.6 deg --(-60)--> target -8.4 deg; exceeds_155=False exceeds_180=False
[15:59:35] ROTATE move_to(rotated) ok=True
[15:59:44] ROTATE move_to(restore) ok=True joints_after=[-28.4, 54.3, -14.1, -71.1, 19.8, 51.5]
[16:00:11] STEP4 scrape marker 1 pos=[-0.1955 -0.4517  0.0889] euler_deg=[-58.98  88.38 141.08] estimated=False
[16:00:16] STEP4 arrived standoff joints_deg=[-28.5, 54.1, -13.8, -71.4, 19.7, 51.8]
[16:00:20] STEP5 arrived DEPTH joints_deg=[2.4, 48.3, 2.3, -92.4, -3.1, 58.5]
[16:00:20] STEP6 scrape marker 1 pos=[-0.1955 -0.4517  0.0889] euler_deg=[-58.98  88.38 141.08] estimated=False
[16:00:24] ROTATE current_joints_deg=[-28.3, 54.3, -13.9, -71.0, 19.6, 51.9]
[16:00:24] ROTATE j6 51.9 deg --(-60)--> target -8.1 deg; exceeds_155=False exceeds_180=False
[16:00:32] ROTATE move_to(rotated) ok=True
[16:00:40] ROTATE move_to(restore) ok=True joints_after=[-28.3, 54.3, -13.9, -71.0, 19.7, 51.9]
[16:01:08] STEP4 scrape marker 1 pos=[-0.1955 -0.4517  0.0889] euler_deg=[-58.98  88.38 141.08] estimated=False
[16:01:13] STEP4 arrived standoff joints_deg=[-28.4, 54.3, -13.9, -71.4, 19.6, 52.2]
[16:01:17] STEP5 arrived DEPTH joints_deg=[2.4, 48.2, 2.4, -92.4, -3.0, 58.6]
[16:01:17] STEP6 scrape marker 1 pos=[-0.1955 -0.4517  0.0889] euler_deg=[-58.98  88.38 141.08] estimated=False
[16:01:20] ROTATE current_joints_deg=[-28.2, 54.2, -13.8, -71.1, 19.5, 51.8]
[16:01:20] ROTATE j6 51.8 deg --(-60)--> target -8.2 deg; exceeds_155=False exceeds_180=False
[16:01:28] ROTATE move_to(rotated) ok=True
[16:01:37] ROTATE move_to(restore) ok=True joints_after=[-28.2, 54.2, -13.8, -71.1, 19.6, 51.8]
[16:57:02] STEP4 scrape marker 1 pos=[-0.1906 -0.4441  0.0935] euler_deg=[-84.83  86.66 167.87] estimated=False
[16:57:07] STEP4 arrived standoff joints_deg=[-30.3, 51.9, -8.6, -70.9, 19.0, 54.2]
[16:57:11] STEP5 arrived DEPTH joints_deg=[1.9, 46.5, 5.8, -94.0, -3.5, 59.4]
[16:57:11] STEP6 scrape marker 1 pos=[-0.1906 -0.4441  0.0935] euler_deg=[-84.83  86.66 167.87] estimated=False
[16:57:14] ROTATE current_joints_deg=[-30.1, 52.1, -8.7, -70.6, 19.0, 53.7]
[16:57:14] ROTATE j6 53.7 deg --(-60)--> target -6.3 deg; exceeds_155=False exceeds_180=False
[16:57:22] ROTATE move_to(rotated) ok=True
[16:57:31] ROTATE move_to(restore) ok=True joints_after=[-30.1, 52.1, -8.7, -70.6, 19.0, 53.7]
[17:38:19] STEP4 scrape marker 1 pos=[-0.1908 -0.4405  0.0912] euler_deg=[-91.85  86.37 176.9 ] estimated=False
[17:38:25] STEP4 arrived standoff joints_deg=[-30.3, 52.3, -7.6, -71.1, 18.6, 52.8]
[17:38:28] STEP5 arrived DEPTH joints_deg=[1.7, 46.9, 6.1, -94.3, -3.1, 58.1]
[17:38:28] STEP6 scrape marker 1 pos=[-0.1908 -0.4405  0.0912] euler_deg=[-91.85  86.37 176.9 ] estimated=False
[17:38:32] ROTATE current_joints_deg=[-30.2, 52.3, -7.9, -70.8, 18.7, 52.5]
[17:38:32] ROTATE j6 52.5 deg --(-60)--> target -7.5 deg; exceeds_155=False exceeds_180=False
[17:38:40] ROTATE move_to(rotated) ok=True
[17:38:48] ROTATE move_to(restore) ok=True joints_after=[-30.1, 52.3, -8.0, -70.9, 18.7, 52.5]
[09:59:41] STEP4 scrape marker 1 pos=[-0.193  -0.4261  0.0877] euler_deg=[-84.65  87.01 175.34] estimated=False
[09:59:47] STEP4 arrived standoff joints_deg=[-30.0, 52.4, -7.8, -70.5, 18.6, 47.7]
[09:59:50] STEP5 arrived DEPTH joints_deg=[2.1, 47.0, 6.6, -94.0, -3.3, 53.0]
[09:59:50] STEP6 scrape marker 1 pos=[-0.193  -0.4261  0.0877] euler_deg=[-84.65  87.01 175.34] estimated=False
[09:59:54] ROTATE current_joints_deg=[-29.9, 52.3, -7.7, -70.2, 18.6, 47.3]
[09:59:54] ROTATE j6 47.3 deg --(-60)--> target -12.7 deg; exceeds_155=False exceeds_180=False
[10:00:02] ROTATE move_to(rotated) ok=True
[10:00:11] ROTATE move_to(restore) ok=True joints_after=[-29.9, 52.3, -7.7, -70.2, 18.6, 47.4]
[10:46:16] STEP4 scrape marker 1 pos=[-0.1904 -0.4257  0.0841] euler_deg=[-78.29  86.53 169.49] estimated=False
[10:46:22] STEP4 arrived standoff joints_deg=[-30.3, 52.2, -7.5, -70.1, 18.0, 48.6]
[10:46:25] STEP5 arrived DEPTH joints_deg=[1.8, 47.3, 6.8, -93.9, -3.6, 52.9]
[10:46:25] STEP6 scrape marker 1 pos=[-0.1904 -0.4257  0.0841] euler_deg=[-78.29  86.53 169.49] estimated=False
[10:46:29] ROTATE current_joints_deg=[-30.2, 52.3, -7.3, -69.8, 18.1, 47.5]
[10:46:29] ROTATE j6 47.5 deg --(-60)--> target -12.5 deg; exceeds_155=False exceeds_180=False
[10:46:37] ROTATE move_to(rotated) ok=True
[10:46:53] ROTATE move_to(restore) ok=False joints_after=[-30.2, 52.3, -7.3, -69.8, 18.1, -12.6]
[11:18:55] STEP4 scrape marker 1 pos=[-0.1893 -0.4294  0.0843] euler_deg=[-76.33  85.84 167.36] estimated=False
[11:18:59] STEP4 arrived standoff joints_deg=[-30.5, 51.9, -7.4, -70.4, 17.6, 46.8]
[11:19:02] STEP5 arrived DEPTH joints_deg=[1.7, 47.3, 6.7, -94.2, -4.2, 53.1]
[11:19:02] STEP6 scrape marker 1 pos=[-0.1893 -0.4294  0.0843] euler_deg=[-76.33  85.84 167.36] estimated=False
[11:19:06] ROTATE current_joints_deg=[-30.3, 51.8, -7.1, -70.2, 17.7, 47.1]
[11:19:06] ROTATE j6 47.1 deg --(-60)--> target -12.9 deg; exceeds_155=False exceeds_180=False
[11:19:09] ROTATE move_to(rotated) ok=True
[11:19:13] ROTATE move_to(restore) ok=True joints_after=[-30.3, 51.9, -7.1, -70.2, 17.6, 46.6]
[11:49:01] STEP4 scrape marker 1 pos=[-0.1893 -0.4294  0.0843] euler_deg=[-76.33  85.84 167.36] estimated=False
[11:49:06] STEP4 arrived standoff joints_deg=[-30.5, 51.9, -7.1, -70.3, 17.6, 47.3]
[11:49:09] STEP5 arrived DEPTH joints_deg=[1.7, 47.2, 6.3, -94.0, -4.2, 52.6]
[11:49:09] STEP6 scrape marker 1 pos=[-0.1893 -0.4294  0.0843] euler_deg=[-76.33  85.84 167.36] estimated=False
[11:49:12] ROTATE current_joints_deg=[-30.4, 52.0, -7.2, -70.0, 17.8, 47.2]
[11:49:12] ROTATE j6 47.2 deg --(-60)--> target -12.8 deg; exceeds_155=False exceeds_180=False
[11:49:15] ROTATE move_to(rotated) ok=True
[11:49:19] ROTATE move_to(restore) ok=True joints_after=[-30.4, 51.9, -7.2, -69.9, 17.7, 46.8]
[12:37:25] STEP4 scrape marker 1 pos=[-0.1893 -0.4294  0.0843] euler_deg=[-76.33  85.84 167.36] estimated=False
[12:37:29] STEP4 arrived standoff joints_deg=[-30.5, 51.9, -7.3, -70.4, 17.7, 47.0]
[12:37:33] STEP5 arrived DEPTH joints_deg=[1.7, 47.2, 6.4, -94.1, -4.3, 52.7]
[12:37:33] STEP6 scrape marker 1 pos=[-0.1893 -0.4294  0.0843] euler_deg=[-76.33  85.84 167.36] estimated=False
[12:37:36] ROTATE current_joints_deg=[-30.4, 51.8, -6.9, -70.0, 17.7, 47.3]
[12:37:36] ROTATE j6 47.3 deg --(-60)--> target -12.7 deg; exceeds_155=False exceeds_180=False
[12:37:39] ROTATE move_to(rotated) ok=True
[12:37:43] ROTATE move_to(restore) ok=True joints_after=[-30.3, 51.8, -6.9, -70.1, 17.8, 47.0]
[13:25:34] STEP4 scrape marker 1 pos=[-0.1893 -0.4294  0.0843] euler_deg=[-76.33  85.84 167.36] estimated=False
[13:34:49] STEP4 scrape marker 1 pos=[-0.1946 -0.4256  0.086 ] euler_deg=[ -91.33   87.19 -177.64] estimated=False
[13:34:53] STEP4 arrived standoff joints_deg=[-29.9, 53.0, -8.2, -70.4, 18.7, 51.9]
[14:12:38] STEP4 scrape marker 1 pos=[-0.1946 -0.4256  0.086 ] euler_deg=[ -91.33   87.19 -177.64] estimated=False
[14:13:07] STEP4 arrived standoff joints_deg=[-30.0, 53.0, -8.0, -70.1, 18.9, 48.8]
[14:56:00] STEP4 scrape marker 1 pos=[-0.1979 -0.4352  0.0894] euler_deg=[-88.08  87.88 178.48] estimated=False
[14:56:04] STEP4 arrived standoff joints_deg=[-28.8, 53.8, -11.7, -71.7, 19.1, 44.8]
[14:56:08] STEP5 arrived DEPTH joints_deg=[2.4, 48.2, 3.0, -93.5, -3.0, 50.9]
[14:56:08] STEP6 scrape marker 1 pos=[-0.1979 -0.4352  0.0894] euler_deg=[-88.08  87.88 178.48] estimated=False
[14:56:11] ROTATE current_joints_deg=[-28.7, 53.9, -11.7, -71.3, 19.3, 45.2]
[14:56:11] ROTATE j6 45.2 deg --(-60)--> target -14.8 deg; exceeds_155=False exceeds_180=False
[14:56:14] ROTATE move_to(rotated) ok=True
[14:56:18] ROTATE move_to(restore) ok=True joints_after=[-28.8, 53.9, -11.7, -71.2, 19.2, 44.8]
